// Jest Snapshot v1, https://goo.gl/fbAQLP

exports[`NoResults renders correctly 1`] = `
<View
  style={
    Object {
      "alignItems": "center",
      "flex": 1,
      "justifyContent": "center",
    }
  }
>
  <View>
    <Text
      style={
        Object {
          "paddingTop": 10,
        }
      }
    >
      No Results Found
    </Text>
  </View>
</View>
`;
